# serializer version: 1
# name: TestTeamTaxonomyQueryRunner.test_description_similarity
  '''
  SELECT events.event AS event,
         count() AS count
  FROM events
  WHERE and(equals(events.team_id, 99999), greaterOrEquals(toTimeZone(events.timestamp, 'UTC'), minus(now64(6, 'UTC'), toIntervalDay(30))))
  GROUP BY events.event
  ORDER BY count DESC
  LIMIT 500 SETTINGS readonly=2,
                     max_execution_time=60,
                     allow_experimental_object_type=1,
                     format_csv_allow_double_quotes=0,
                     max_ast_elements=4000000,
                     max_expanded_ast_elements=4000000,
                     max_bytes_before_external_group_by=0,
                     transform_null_in=1,
                     optimize_min_equality_disjunction_chain_length=4294967295
  '''
# ---
# name: TestTeamTaxonomyQueryRunner.test_empty_similarity_inputs
  '''
  SELECT events.event AS event,
         count() AS count
  FROM events
  WHERE and(equals(events.team_id, 99999), greaterOrEquals(toTimeZone(events.timestamp, 'UTC'), minus(now64(6, 'UTC'), toIntervalDay(30))))
  GROUP BY events.event
  ORDER BY count DESC
  LIMIT 500 SETTINGS readonly=2,
                     max_execution_time=60,
                     allow_experimental_object_type=1,
                     format_csv_allow_double_quotes=0,
                     max_ast_elements=4000000,
                     max_expanded_ast_elements=4000000,
                     max_bytes_before_external_group_by=0,
                     transform_null_in=1,
                     optimize_min_equality_disjunction_chain_length=4294967295
  '''
# ---
# name: TestTeamTaxonomyQueryRunner.test_empty_similarity_inputs.1
  '''
  SELECT events.event AS event,
         count() AS count
  FROM events
  WHERE and(equals(events.team_id, 99999), greaterOrEquals(toTimeZone(events.timestamp, 'UTC'), minus(now64(6, 'UTC'), toIntervalDay(30))))
  GROUP BY events.event
  ORDER BY count DESC
  LIMIT 500 SETTINGS readonly=2,
                     max_execution_time=60,
                     allow_experimental_object_type=1,
                     format_csv_allow_double_quotes=0,
                     max_ast_elements=4000000,
                     max_expanded_ast_elements=4000000,
                     max_bytes_before_external_group_by=0,
                     transform_null_in=1,
                     optimize_min_equality_disjunction_chain_length=4294967295
  '''
# ---
# name: TestTeamTaxonomyQueryRunner.test_empty_text_list
  '''
  SELECT events.event AS event,
         count() AS count
  FROM events
  WHERE and(equals(events.team_id, 99999), greaterOrEquals(toTimeZone(events.timestamp, 'UTC'), minus(now64(6, 'UTC'), toIntervalDay(30))))
  GROUP BY events.event
  ORDER BY count DESC
  LIMIT 500 SETTINGS readonly=2,
                     max_execution_time=60,
                     allow_experimental_object_type=1,
                     format_csv_allow_double_quotes=0,
                     max_ast_elements=4000000,
                     max_expanded_ast_elements=4000000,
                     max_bytes_before_external_group_by=0,
                     transform_null_in=1,
                     optimize_min_equality_disjunction_chain_length=4294967295
  '''
# ---
# name: TestTeamTaxonomyQueryRunner.test_similarity_batch_calculation
  '''
  SELECT events.event AS event,
         count() AS count
  FROM events
  WHERE and(equals(events.team_id, 99999), greaterOrEquals(toTimeZone(events.timestamp, 'UTC'), minus(now64(6, 'UTC'), toIntervalDay(30))))
  GROUP BY events.event
  ORDER BY count DESC
  LIMIT 500 SETTINGS readonly=2,
                     max_execution_time=60,
                     allow_experimental_object_type=1,
                     format_csv_allow_double_quotes=0,
                     max_ast_elements=4000000,
                     max_expanded_ast_elements=4000000,
                     max_bytes_before_external_group_by=0,
                     transform_null_in=1,
                     optimize_min_equality_disjunction_chain_length=4294967295
  '''
# ---
# name: TestTeamTaxonomyQueryRunner.test_similarity_search
  '''
  SELECT events.event AS event,
         count() AS count
  FROM events
  WHERE and(equals(events.team_id, 99999), greaterOrEquals(toTimeZone(events.timestamp, 'UTC'), minus(now64(6, 'UTC'), toIntervalDay(30))))
  GROUP BY events.event
  ORDER BY count DESC
  LIMIT 500 SETTINGS readonly=2,
                     max_execution_time=60,
                     allow_experimental_object_type=1,
                     format_csv_allow_double_quotes=0,
                     max_ast_elements=4000000,
                     max_expanded_ast_elements=4000000,
                     max_bytes_before_external_group_by=0,
                     transform_null_in=1,
                     optimize_min_equality_disjunction_chain_length=4294967295
  '''
# ---
# name: TestTeamTaxonomyQueryRunner.test_similarity_search.1
  '''
  SELECT events.event AS event,
         count() AS count
  FROM events
  WHERE and(equals(events.team_id, 99999), greaterOrEquals(toTimeZone(events.timestamp, 'UTC'), minus(now64(6, 'UTC'), toIntervalDay(30))))
  GROUP BY events.event
  ORDER BY count DESC
  LIMIT 500 SETTINGS readonly=2,
                     max_execution_time=60,
                     allow_experimental_object_type=1,
                     format_csv_allow_double_quotes=0,
                     max_ast_elements=4000000,
                     max_expanded_ast_elements=4000000,
                     max_bytes_before_external_group_by=0,
                     transform_null_in=1,
                     optimize_min_equality_disjunction_chain_length=4294967295
  '''
# ---
# name: TestTeamTaxonomyQueryRunner.test_similarity_weights
  '''
  SELECT events.event AS event,
         count() AS count
  FROM events
  WHERE and(equals(events.team_id, 99999), greaterOrEquals(toTimeZone(events.timestamp, 'UTC'), minus(now64(6, 'UTC'), toIntervalDay(30))))
  GROUP BY events.event
  ORDER BY count DESC
  LIMIT 500 SETTINGS readonly=2,
                     max_execution_time=60,
                     allow_experimental_object_type=1,
                     format_csv_allow_double_quotes=0,
                     max_ast_elements=4000000,
                     max_expanded_ast_elements=4000000,
                     max_bytes_before_external_group_by=0,
                     transform_null_in=1,
                     optimize_min_equality_disjunction_chain_length=4294967295
  '''
# ---
# name: TestTeamTaxonomyQueryRunner.test_taxonomy_query_runner
  '''
  SELECT events.event AS event,
         count() AS count
  FROM events
  WHERE and(equals(events.team_id, 99999), greaterOrEquals(toTimeZone(events.timestamp, 'UTC'), minus(now64(6, 'UTC'), toIntervalDay(30))))
  GROUP BY events.event
  ORDER BY count DESC
  LIMIT 500 SETTINGS readonly=2,
                     max_execution_time=60,
                     allow_experimental_object_type=1,
                     format_csv_allow_double_quotes=0,
                     max_ast_elements=4000000,
                     max_expanded_ast_elements=4000000,
                     max_bytes_before_external_group_by=0,
                     transform_null_in=1,
                     optimize_min_equality_disjunction_chain_length=4294967295
  '''
# ---
