# serializer version: 1
# name: TestRevenueExampleDataWarehouseTablesQueryRunner.test_no_crash_when_no_data
  '''
  SELECT 1
  WHERE 0
  LIMIT 101
  OFFSET 0 SETTINGS readonly=2,
                    max_execution_time=60,
                    allow_experimental_object_type=1,
                    format_csv_allow_double_quotes=0,
                    max_ast_elements=4000000,
                    max_expanded_ast_elements=4000000,
                    max_bytes_before_external_group_by=0,
                    transform_null_in=1
  '''
# ---
