# serializer version: 1
# name: TestConversionGoalProcessor.test_attribution_window_sql_structure_demo
  ''
# ---
# name: TestConversionGoalProcessor.test_attribution_window_sql_structure_demo_zero_windows
  ''
# ---
# name: TestConversionGoalProcessor.test_integration_actions_node_full_query_execution
  ''
# ---
# name: TestConversionGoalProcessor.test_integration_actions_node_temporal_attribution_sql_validation
  ''
# ---
# name: TestConversionGoalProcessor.test_integration_events_node_full_query_execution
  ''
# ---
# name: TestConversionGoalProcessor.test_integration_multi_event_actions_temporal_attribution
  ''
# ---
# name: TestConversionGoalProcessor.test_integration_sum_math_full_query_execution
  ''
# ---
# name: TestConversionGoalProcessor.test_temporal_attribution_multiple_touchpoints_first_touch
  ''
# ---
