# serializer version: 1
# name: TestMarketingAnalyticsTableQueryRunnerBusiness.test_comprehensive_marketing_analytics_basic
  ''
# ---
# name: TestMarketingAnalyticsTableQueryRunnerBusiness.test_conversion_goal_basic_setup
  ''
# ---
# name: TestMarketingAnalyticsTableQueryRunnerBusiness.test_facebook_ads_single_source_execution
  ''
# ---
# name: TestMarketingAnalyticsTableQueryRunnerBusiness.test_facebook_only_multi_source_execution
  ''
# ---
# name: TestMarketingAnalyticsTableQueryRunnerBusiness.test_multi_source_business_metrics_validation
  dict({
    'query': '',
    'response': list([
      tuple(
        'TechFlow-Prospecting-AMER-Traffic-Technical-Static-Analytics-Aug-2024',
        'LinkedIn Ads',
        56.34,
        8.0,
        4230.0,
        7.04,
        0.19,
      ),
      tuple(
        'Test-Brand-Campaign-EMEA',
        'TikTok Ads',
        47.21,
        118.0,
        324.0,
        0.4,
        36.42,
      ),
      tuple(
        'Test-Competitors-AMER',
        'TikTok Ads',
        38.92,
        1.0,
        48.0,
        38.92,
        2.08,
      ),
      tuple(
        'TechFlow-Prospecting-AMER-Traffic-ProductDev-Static-Analytics-Aug-2024',
        'LinkedIn Ads',
        23.12,
        4.0,
        1171.0,
        5.78,
        0.34,
      ),
      tuple(
        'Test-AB-Testing-AMER',
        'TikTok Ads',
        14.95,
        4.0,
        104.0,
        3.74,
        3.85,
      ),
      tuple(
        'TechFlow-Prospecting-AMER-Traffic-ProductDev-Static-Comparison-Oct-2024',
        'LinkedIn Ads',
        13.49,
        3.0,
        420.0,
        4.5,
        0.71,
      ),
      tuple(
        'TechFlow-Prospecting-AMER-Traffic-Leadership-Static-Analytics-Aug-2024',
        'LinkedIn Ads',
        10.25,
        2.0,
        616.0,
        5.12,
        0.32,
      ),
      tuple(
        'TestCorp-Search-EMEA-Analytics-Tools',
        'Facebook Ads',
        9.51,
        5.0,
        332.0,
        1.9,
        1.51,
      ),
      tuple(
        'TechFlow-Prospecting-AMER-Traffic-Executive-Static-Analytics-Aug-2024',
        'LinkedIn Ads',
        8.84,
        2.0,
        1072.0,
        4.42,
        0.19,
      ),
      tuple(
        'TechFlow-Prospecting-EMEA-Traffic-Leadership-Static-Analytics-Aug-2024',
        'LinkedIn Ads',
        7.55,
        4.0,
        1224.0,
        1.89,
        0.33,
      ),
      tuple(
        'Test-Experimentation-AMER',
        'TikTok Ads',
        7.43,
        1.0,
        11.0,
        7.43,
        9.09,
      ),
      tuple(
        'TestCorp-Search-AMER-Analytics-Tools',
        'Facebook Ads',
        5.14,
        4.0,
        313.0,
        1.28,
        1.28,
      ),
      tuple(
        'TechFlow-Prospecting-GroupB-Traffic-Engineering-Static-Dec-2024',
        'LinkedIn Ads',
        4.13,
        1.0,
        312.0,
        4.13,
        0.32,
      ),
      tuple(
        'test_brand_campaign',
        'Facebook Ads',
        3.43,
        2.0,
        731.0,
        1.72,
        0.27,
      ),
      tuple(
        'TechFlow-Prospecting-EMEA-Traffic-Technical-Static-Analytics-Aug-2024',
        'LinkedIn Ads',
        1.28,
        2.0,
        238.0,
        0.64,
        0.84,
      ),
      tuple(
        'Test-Product-Analytics-EMEA',
        'Facebook Ads',
        0.58,
        1.0,
        298.0,
        0.58,
        0.34,
      ),
      tuple(
        'Test-Product-Analytics-AMER',
        'Facebook Ads',
        0.0,
        0.0,
        2.0,
        None,
        0.0,
      ),
      tuple(
        'Test-Growth-Analytics-AMER',
        'TikTok Ads',
        0.0,
        0.0,
        7.0,
        None,
        0.0,
      ),
      tuple(
        'Test-Session-Recording-AMER',
        'TikTok Ads',
        0.0,
        0.0,
        5.0,
        None,
        0.0,
      ),
      tuple(
        'TestCorp-Search-EMEA-Mobile-Platform',
        'TikTok Ads',
        0.0,
        0.0,
        13.0,
        None,
        0.0,
      ),
      tuple(
        'Test-Experimentation-EMEA',
        'TikTok Ads',
        0.0,
        0.0,
        28.0,
        None,
        0.0,
      ),
      tuple(
        'TestCorp-Search-AMER-Mobile-Platform',
        'TikTok Ads',
        0.0,
        0.0,
        3.0,
        None,
        0.0,
      ),
      tuple(
        'TechFlow-Prospecting-GroupB-Traffic-Leadership-Static-Dec-2024',
        'LinkedIn Ads',
        0.0,
        0.0,
        257.0,
        None,
        0.0,
      ),
    ]),
  })
# ---
