# serializer version: 1
# name: TestMarketingAnalyticsTableQueryRunnerCompare.test_comprehensive_marketing_analytics_basic
  ''
# ---
# name: TestMarketingAnalyticsTableQueryRunnerCompare.test_conversion_goal_basic_setup
  ''
# ---
# name: TestMarketingAnalyticsTableQueryRunnerCompare.test_multi_source_business_metrics_validation_with_compare
  dict({
    'query': '',
    'response': list([
      tuple(
        tuple(
          'Test-Brand-Campaign-EMEA',
          '',
        ),
        tuple(
          'TikTok Ads',
          '',
        ),
        tuple(
          47.21,
          None,
        ),
        tuple(
          118.0,
          None,
        ),
        tuple(
          324.0,
          None,
        ),
        tuple(
          0.4,
          None,
        ),
        tuple(
          36.42,
          None,
        ),
      ),
      tuple(
        tuple(
          'Test-Competitors-AMER',
          '',
        ),
        tuple(
          'TikTok Ads',
          '',
        ),
        tuple(
          38.92,
          None,
        ),
        tuple(
          1.0,
          None,
        ),
        tuple(
          48.0,
          None,
        ),
        tuple(
          38.92,
          None,
        ),
        tuple(
          2.08,
          None,
        ),
      ),
      tuple(
        tuple(
          'TechFlow-Prospecting-AMER-Traffic-Technical-Static-Analytics-Aug-2024',
          'TechFlow-Prospecting-AMER-Traffic-Technical-Static-Analytics-Aug-2024',
        ),
        tuple(
          'LinkedIn Ads',
          'LinkedIn Ads',
        ),
        tuple(
          31.92,
          24.42,
        ),
        tuple(
          4.0,
          4.0,
        ),
        tuple(
          1581.0,
          2649.0,
        ),
        tuple(
          7.98,
          6.1,
        ),
        tuple(
          0.25,
          0.15,
        ),
      ),
      tuple(
        tuple(
          'TechFlow-Prospecting-AMER-Traffic-ProductDev-Static-Analytics-Aug-2024',
          '',
        ),
        tuple(
          'LinkedIn Ads',
          '',
        ),
        tuple(
          23.12,
          None,
        ),
        tuple(
          4.0,
          None,
        ),
        tuple(
          1171.0,
          None,
        ),
        tuple(
          5.78,
          None,
        ),
        tuple(
          0.34,
          None,
        ),
      ),
      tuple(
        tuple(
          'TechFlow-Prospecting-AMER-Traffic-ProductDev-Static-Comparison-Oct-2024',
          '',
        ),
        tuple(
          'LinkedIn Ads',
          '',
        ),
        tuple(
          13.49,
          None,
        ),
        tuple(
          3.0,
          None,
        ),
        tuple(
          420.0,
          None,
        ),
        tuple(
          4.5,
          None,
        ),
        tuple(
          0.71,
          None,
        ),
      ),
      tuple(
        tuple(
          'TechFlow-Prospecting-AMER-Traffic-Leadership-Static-Analytics-Aug-2024',
          '',
        ),
        tuple(
          'LinkedIn Ads',
          '',
        ),
        tuple(
          10.25,
          None,
        ),
        tuple(
          2.0,
          None,
        ),
        tuple(
          616.0,
          None,
        ),
        tuple(
          5.12,
          None,
        ),
        tuple(
          0.32,
          None,
        ),
      ),
      tuple(
        tuple(
          'Test-Experimentation-AMER',
          '',
        ),
        tuple(
          'TikTok Ads',
          '',
        ),
        tuple(
          7.43,
          None,
        ),
        tuple(
          1.0,
          None,
        ),
        tuple(
          11.0,
          None,
        ),
        tuple(
          7.43,
          None,
        ),
        tuple(
          9.09,
          None,
        ),
      ),
      tuple(
        tuple(
          'TestCorp-Search-EMEA-Analytics-Tools',
          'TestCorp-Search-EMEA-Analytics-Tools',
        ),
        tuple(
          'Facebook Ads',
          'Facebook Ads',
        ),
        tuple(
          6.88,
          2.63,
        ),
        tuple(
          3.0,
          2.0,
        ),
        tuple(
          168.0,
          164.0,
        ),
        tuple(
          2.29,
          1.32,
        ),
        tuple(
          1.79,
          1.22,
        ),
      ),
      tuple(
        tuple(
          'Test-AB-Testing-AMER',
          'Test-AB-Testing-AMER',
        ),
        tuple(
          'TikTok Ads',
          'TikTok Ads',
        ),
        tuple(
          6.28,
          8.67,
        ),
        tuple(
          2.0,
          2.0,
        ),
        tuple(
          76.0,
          28.0,
        ),
        tuple(
          3.14,
          4.34,
        ),
        tuple(
          2.63,
          7.14,
        ),
      ),
      tuple(
        tuple(
          'TechFlow-Prospecting-GroupB-Traffic-Engineering-Static-Dec-2024',
          '',
        ),
        tuple(
          'LinkedIn Ads',
          '',
        ),
        tuple(
          4.13,
          None,
        ),
        tuple(
          1.0,
          None,
        ),
        tuple(
          312.0,
          None,
        ),
        tuple(
          4.13,
          None,
        ),
        tuple(
          0.32,
          None,
        ),
      ),
      tuple(
        tuple(
          'test_brand_campaign',
          '',
        ),
        tuple(
          'Facebook Ads',
          '',
        ),
        tuple(
          3.43,
          None,
        ),
        tuple(
          2.0,
          None,
        ),
        tuple(
          731.0,
          None,
        ),
        tuple(
          1.72,
          None,
        ),
        tuple(
          0.27,
          None,
        ),
      ),
      tuple(
        tuple(
          'TestCorp-Search-AMER-Analytics-Tools',
          'TestCorp-Search-AMER-Analytics-Tools',
        ),
        tuple(
          'Facebook Ads',
          'Facebook Ads',
        ),
        tuple(
          2.94,
          2.2,
        ),
        tuple(
          2.0,
          2.0,
        ),
        tuple(
          207.0,
          106.0,
        ),
        tuple(
          1.47,
          1.1,
        ),
        tuple(
          0.97,
          1.89,
        ),
      ),
      tuple(
        tuple(
          'TechFlow-Prospecting-EMEA-Traffic-Technical-Static-Analytics-Aug-2024',
          '',
        ),
        tuple(
          'LinkedIn Ads',
          '',
        ),
        tuple(
          1.28,
          None,
        ),
        tuple(
          2.0,
          None,
        ),
        tuple(
          238.0,
          None,
        ),
        tuple(
          0.64,
          None,
        ),
        tuple(
          0.84,
          None,
        ),
      ),
      tuple(
        tuple(
          'Test-Product-Analytics-EMEA',
          '',
        ),
        tuple(
          'Facebook Ads',
          '',
        ),
        tuple(
          0.58,
          None,
        ),
        tuple(
          1.0,
          None,
        ),
        tuple(
          298.0,
          None,
        ),
        tuple(
          0.58,
          None,
        ),
        tuple(
          0.34,
          None,
        ),
      ),
      tuple(
        tuple(
          'Test-Experimentation-EMEA',
          'Test-Experimentation-EMEA',
        ),
        tuple(
          'TikTok Ads',
          'TikTok Ads',
        ),
        tuple(
          0.0,
          0.0,
        ),
        tuple(
          0.0,
          0.0,
        ),
        tuple(
          7.0,
          21.0,
        ),
        tuple(
          None,
          None,
        ),
        tuple(
          0.0,
          0.0,
        ),
      ),
      tuple(
        tuple(
          'Test-Session-Recording-AMER',
          '',
        ),
        tuple(
          'TikTok Ads',
          '',
        ),
        tuple(
          0.0,
          None,
        ),
        tuple(
          0.0,
          None,
        ),
        tuple(
          5.0,
          None,
        ),
        tuple(
          None,
          None,
        ),
        tuple(
          0.0,
          None,
        ),
      ),
      tuple(
        tuple(
          'TestCorp-Search-EMEA-Mobile-Platform',
          '',
        ),
        tuple(
          'TikTok Ads',
          '',
        ),
        tuple(
          0.0,
          None,
        ),
        tuple(
          0.0,
          None,
        ),
        tuple(
          13.0,
          None,
        ),
        tuple(
          None,
          None,
        ),
        tuple(
          0.0,
          None,
        ),
      ),
      tuple(
        tuple(
          'Test-Product-Analytics-AMER',
          '',
        ),
        tuple(
          'Facebook Ads',
          '',
        ),
        tuple(
          0.0,
          None,
        ),
        tuple(
          0.0,
          None,
        ),
        tuple(
          2.0,
          None,
        ),
        tuple(
          None,
          None,
        ),
        tuple(
          0.0,
          None,
        ),
      ),
      tuple(
        tuple(
          'TechFlow-Prospecting-GroupB-Traffic-Leadership-Static-Dec-2024',
          '',
        ),
        tuple(
          'LinkedIn Ads',
          '',
        ),
        tuple(
          0.0,
          None,
        ),
        tuple(
          0.0,
          None,
        ),
        tuple(
          257.0,
          None,
        ),
        tuple(
          None,
          None,
        ),
        tuple(
          0.0,
          None,
        ),
      ),
    ]),
  })
# ---
