// Jest Snapshot v1, https://goo.gl/fbAQLP

exports[`LegacyPluginExecutorService smoke tests should run the destination plugin: { name: 'plugin-customerio-plugin', plugin: [Object] } 1`] = `
[
  "Executing plugin plugin-customerio-plugin",
  "Successfully authenticated with Customer.io. Completing setupPlugin.",
  "Execution successful",
]
`;

exports[`LegacyPluginExecutorService smoke tests should run the destination plugin: { name: 'plugin-hubspot-plugin', plugin: [Object] } 1`] = `
[
  "Executing plugin plugin-hubspot-plugin",
  "Created Hubspot Contact for test@posthog.com",
  "Execution successful",
]
`;

exports[`LegacyPluginExecutorService smoke tests should run the transformation plugin: { name: 'plugin-posthog-filter-out-plugin', plugin: [Object] } 1`] = `
[
  "Executing plugin plugin-posthog-filter-out-plugin",
  "Plugin execution failed: Could not parse filters attachment: Unexpected token e in JSON at position 1",
]
`;

exports[`LegacyPluginExecutorService smoke tests should run the transformation plugin: { name: 'plugin-semver-flattener-plugin', plugin: [Object] } 1`] = `
[
  "Executing plugin plugin-semver-flattener-plugin",
  "found candidate property: , test,  matches , ",
  "Execution successful",
]
`;
