# serializer version: 1
# name: TestSessionAttributionQueryRunner.test_filters
  '''
  SELECT count() AS `context.columns.count`,
         sessions.`$channel_type` AS `context.columns.channel_type`,
         topK(10)(sessions.`$entry_referring_domain`) AS `context.columns.referring_domain`,
         sessions.`$entry_utm_source` AS `context.columns.utm_source`,
         sessions.`$entry_utm_medium` AS `context.columns.utm_medium`,
         topK(10)(sessions.`$entry_utm_campaign`) AS `context.columns.utm_campaign`,
         topK(10)(nullIf(arrayStringConcat([if(isNotNull(sessions.`$entry_gclid`), 'glcid', NULL), if(isNotNull(sessions.`$entry_gad_source`), 'gad_source', NULL)], ','), '')) AS `context.columns.ad_ids`,
         topK(10)(sessions.`$entry_current_url`) AS `context.columns.example_entry_urls`
  FROM
    (SELECT multiIf(match(lower(nullIf(nullIf(nullIf(argMinMerge(raw_sessions.initial_utm_campaign), ''), ''), 'null')), 'cross-network'), 'Cross Network', or(ifNull(in(lower(nullIf(nullIf(nullIf(argMinMerge(raw_sessions.initial_utm_medium), ''), ''), 'null')), tuple('cpc', 'cpm', 'cpv', 'cpa', 'ppc', 'retargeting')), 0), startsWith(lower(nullIf(nullIf(nullIf(argMinMerge(raw_sessions.initial_utm_medium), ''), ''), 'null')), 'paid'), isNotNull(nullIf(argMinMerge(raw_sessions.initial_gclid), '')), isNotNull(nullIf(nullIf(nullIf(argMinMerge(raw_sessions.initial_gad_source), ''), ''), 'null'))), coalesce(coalesce(dictGetOrNull('channel_definition_dict', 'type_if_paid', (coalesce(lower(nullIf(nullIf(nullIf(argMinMerge(raw_sessions.initial_utm_source), ''), ''), 'null')), ''), 'source')), dictGetOrNull('channel_definition_dict', 'type_if_paid', (cutToFirstSignificantSubdomain(coalesce(lower(nullIf(nullIf(nullIf(argMinMerge(raw_sessions.initial_utm_source), ''), ''), 'null')), '')), 'source'))), if(match(lower(nullIf(nullIf(nullIf(argMinMerge(raw_sessions.initial_utm_campaign), ''), ''), 'null')), '^(.*(([^a-df-z]|^)shop|shopping).*)$'), 'Paid Shopping', NULL), dictGetOrNull('channel_definition_dict', 'type_if_paid', (coalesce(lower(nullIf(nullIf(nullIf(argMinMerge(raw_sessions.initial_utm_medium), ''), ''), 'null')), ''), 'medium')), coalesce(dictGetOrNull('channel_definition_dict', 'type_if_paid', (coalesce(nullIf(argMinMerge(raw_sessions.initial_referring_domain), ''), ''), 'source')), dictGetOrNull('channel_definition_dict', 'type_if_paid', (cutToFirstSignificantSubdomain(coalesce(nullIf(argMinMerge(raw_sessions.initial_referring_domain), ''), '')), 'source'))), multiIf(ifNull(equals(nullIf(nullIf(nullIf(argMinMerge(raw_sessions.initial_gad_source), ''), ''), 'null'), '1'), 0), 'Paid Search', match(lower(nullIf(nullIf(nullIf(argMinMerge(raw_sessions.initial_utm_campaign), ''), ''), 'null')), '^(.*video.*)$'), 'Paid Video', isNotNull(nullIf(argMinMerge(raw_sessions.initial_fbclid), '')), 'Paid Social', 'Paid Unknown')), and(ifNull(equals(nullIf(argMinMerge(raw_sessions.initial_referring_domain), ''), '$direct'), 0), isNull(lower(nullIf(nullIf(nullIf(argMinMerge(raw_sessions.initial_utm_medium), ''), ''), 'null'))), or(isNull(lower(nullIf(nullIf(nullIf(argMinMerge(raw_sessions.initial_utm_source), ''), ''), 'null'))), ifNull(in(lower(nullIf(nullIf(nullIf(argMinMerge(raw_sessions.initial_utm_source), ''), ''), 'null')), tuple('(direct)', 'direct', '$direct')), 0)), not(isNotNull(nullIf(argMinMerge(raw_sessions.initial_fbclid), '')))), 'Direct', coalesce(coalesce(dictGetOrNull('channel_definition_dict', 'type_if_organic', (coalesce(lower(nullIf(nullIf(nullIf(argMinMerge(raw_sessions.initial_utm_source), ''), ''), 'null')), ''), 'source')), dictGetOrNull('channel_definition_dict', 'type_if_organic', (cutToFirstSignificantSubdomain(coalesce(lower(nullIf(nullIf(nullIf(argMinMerge(raw_sessions.initial_utm_source), ''), ''), 'null')), '')), 'source'))), if(match(lower(nullIf(nullIf(nullIf(argMinMerge(raw_sessions.initial_utm_campaign), ''), ''), 'null')), '^(.*(([^a-df-z]|^)shop|shopping).*)$'), 'Organic Shopping', NULL), dictGetOrNull('channel_definition_dict', 'type_if_organic', (coalesce(lower(nullIf(nullIf(nullIf(argMinMerge(raw_sessions.initial_utm_medium), ''), ''), 'null')), ''), 'medium')), coalesce(dictGetOrNull('channel_definition_dict', 'type_if_organic', (coalesce(nullIf(argMinMerge(raw_sessions.initial_referring_domain), ''), ''), 'source')), dictGetOrNull('channel_definition_dict', 'type_if_organic', (cutToFirstSignificantSubdomain(coalesce(nullIf(argMinMerge(raw_sessions.initial_referring_domain), ''), '')), 'source'))), multiIf(match(lower(nullIf(nullIf(nullIf(argMinMerge(raw_sessions.initial_utm_campaign), ''), ''), 'null')), '^(.*video.*)$'), 'Organic Video', match(lower(nullIf(nullIf(nullIf(argMinMerge(raw_sessions.initial_utm_medium), ''), ''), 'null')), 'push$'), 'Push', isNotNull(nullIf(argMinMerge(raw_sessions.initial_fbclid), '')), 'Organic Social', ifNull(equals(nullIf(argMinMerge(raw_sessions.initial_referring_domain), ''), '$direct'), 0), 'Direct', isNotNull(nullIf(argMinMerge(raw_sessions.initial_referring_domain), '')), 'Referral', 'Unknown'))) AS `$channel_type`,
            nullIf(argMinMerge(raw_sessions.initial_referring_domain), '') AS `$entry_referring_domain`,
            nullIf(argMinMerge(raw_sessions.initial_utm_source), '') AS `$entry_utm_source`,
            nullIf(argMinMerge(raw_sessions.initial_utm_medium), '') AS `$entry_utm_medium`,
            nullIf(argMinMerge(raw_sessions.initial_utm_campaign), '') AS `$entry_utm_campaign`,
            nullIf(argMinMerge(raw_sessions.initial_gclid), '') AS `$entry_gclid`,
            nullIf(argMinMerge(raw_sessions.initial_gad_source), '') AS `$entry_gad_source`,
            nullIf(argMinMerge(raw_sessions.entry_url), '') AS `$entry_current_url`,
            raw_sessions.session_id_v7 AS session_id_v7
     FROM raw_sessions
     WHERE equals(raw_sessions.team_id, 99999)
     GROUP BY raw_sessions.session_id_v7,
              raw_sessions.session_id_v7) AS sessions
  WHERE and(ifNull(equals(sessions.`$entry_utm_source`, 'source1'), 0), 1)
  GROUP BY `context.columns.channel_type`,
           `context.columns.utm_source`,
           `context.columns.utm_medium`
  ORDER BY `context.columns.count` DESC
  LIMIT 101
  OFFSET 0 SETTINGS readonly=2,
                    max_execution_time=60,
                    allow_experimental_object_type=1,
                    format_csv_allow_double_quotes=0,
                    max_ast_elements=4000000,
                    max_expanded_ast_elements=4000000,
                    max_bytes_before_external_group_by=0
  '''
# ---
# name: TestSessionAttributionQueryRunner.test_group_by_initial_url
  '''
  SELECT count() AS `context.columns.count`,
         topK(10)(sessions.`$channel_type`) AS `context.columns.channel_type`,
         topK(10)(sessions.`$entry_referring_domain`) AS `context.columns.referring_domain`,
         topK(10)(sessions.`$entry_utm_source`) AS `context.columns.utm_source`,
         topK(10)(sessions.`$entry_utm_medium`) AS `context.columns.utm_medium`,
         topK(10)(sessions.`$entry_utm_campaign`) AS `context.columns.utm_campaign`,
         topK(10)(nullIf(arrayStringConcat([if(isNotNull(sessions.`$entry_gclid`), 'glcid', NULL), if(isNotNull(sessions.`$entry_gad_source`), 'gad_source', NULL)], ','), '')) AS `context.columns.ad_ids`,
         sessions.`$entry_current_url` AS `context.columns.example_entry_urls`
  FROM
    (SELECT multiIf(match(lower(nullIf(nullIf(nullIf(argMinMerge(raw_sessions.initial_utm_campaign), ''), ''), 'null')), 'cross-network'), 'Cross Network', or(ifNull(in(lower(nullIf(nullIf(nullIf(argMinMerge(raw_sessions.initial_utm_medium), ''), ''), 'null')), tuple('cpc', 'cpm', 'cpv', 'cpa', 'ppc', 'retargeting')), 0), startsWith(lower(nullIf(nullIf(nullIf(argMinMerge(raw_sessions.initial_utm_medium), ''), ''), 'null')), 'paid'), isNotNull(nullIf(argMinMerge(raw_sessions.initial_gclid), '')), isNotNull(nullIf(nullIf(nullIf(argMinMerge(raw_sessions.initial_gad_source), ''), ''), 'null'))), coalesce(coalesce(dictGetOrNull('channel_definition_dict', 'type_if_paid', (coalesce(lower(nullIf(nullIf(nullIf(argMinMerge(raw_sessions.initial_utm_source), ''), ''), 'null')), ''), 'source')), dictGetOrNull('channel_definition_dict', 'type_if_paid', (cutToFirstSignificantSubdomain(coalesce(lower(nullIf(nullIf(nullIf(argMinMerge(raw_sessions.initial_utm_source), ''), ''), 'null')), '')), 'source'))), if(match(lower(nullIf(nullIf(nullIf(argMinMerge(raw_sessions.initial_utm_campaign), ''), ''), 'null')), '^(.*(([^a-df-z]|^)shop|shopping).*)$'), 'Paid Shopping', NULL), dictGetOrNull('channel_definition_dict', 'type_if_paid', (coalesce(lower(nullIf(nullIf(nullIf(argMinMerge(raw_sessions.initial_utm_medium), ''), ''), 'null')), ''), 'medium')), coalesce(dictGetOrNull('channel_definition_dict', 'type_if_paid', (coalesce(nullIf(argMinMerge(raw_sessions.initial_referring_domain), ''), ''), 'source')), dictGetOrNull('channel_definition_dict', 'type_if_paid', (cutToFirstSignificantSubdomain(coalesce(nullIf(argMinMerge(raw_sessions.initial_referring_domain), ''), '')), 'source'))), multiIf(ifNull(equals(nullIf(nullIf(nullIf(argMinMerge(raw_sessions.initial_gad_source), ''), ''), 'null'), '1'), 0), 'Paid Search', match(lower(nullIf(nullIf(nullIf(argMinMerge(raw_sessions.initial_utm_campaign), ''), ''), 'null')), '^(.*video.*)$'), 'Paid Video', isNotNull(nullIf(argMinMerge(raw_sessions.initial_fbclid), '')), 'Paid Social', 'Paid Unknown')), and(ifNull(equals(nullIf(argMinMerge(raw_sessions.initial_referring_domain), ''), '$direct'), 0), isNull(lower(nullIf(nullIf(nullIf(argMinMerge(raw_sessions.initial_utm_medium), ''), ''), 'null'))), or(isNull(lower(nullIf(nullIf(nullIf(argMinMerge(raw_sessions.initial_utm_source), ''), ''), 'null'))), ifNull(in(lower(nullIf(nullIf(nullIf(argMinMerge(raw_sessions.initial_utm_source), ''), ''), 'null')), tuple('(direct)', 'direct', '$direct')), 0)), not(isNotNull(nullIf(argMinMerge(raw_sessions.initial_fbclid), '')))), 'Direct', coalesce(coalesce(dictGetOrNull('channel_definition_dict', 'type_if_organic', (coalesce(lower(nullIf(nullIf(nullIf(argMinMerge(raw_sessions.initial_utm_source), ''), ''), 'null')), ''), 'source')), dictGetOrNull('channel_definition_dict', 'type_if_organic', (cutToFirstSignificantSubdomain(coalesce(lower(nullIf(nullIf(nullIf(argMinMerge(raw_sessions.initial_utm_source), ''), ''), 'null')), '')), 'source'))), if(match(lower(nullIf(nullIf(nullIf(argMinMerge(raw_sessions.initial_utm_campaign), ''), ''), 'null')), '^(.*(([^a-df-z]|^)shop|shopping).*)$'), 'Organic Shopping', NULL), dictGetOrNull('channel_definition_dict', 'type_if_organic', (coalesce(lower(nullIf(nullIf(nullIf(argMinMerge(raw_sessions.initial_utm_medium), ''), ''), 'null')), ''), 'medium')), coalesce(dictGetOrNull('channel_definition_dict', 'type_if_organic', (coalesce(nullIf(argMinMerge(raw_sessions.initial_referring_domain), ''), ''), 'source')), dictGetOrNull('channel_definition_dict', 'type_if_organic', (cutToFirstSignificantSubdomain(coalesce(nullIf(argMinMerge(raw_sessions.initial_referring_domain), ''), '')), 'source'))), multiIf(match(lower(nullIf(nullIf(nullIf(argMinMerge(raw_sessions.initial_utm_campaign), ''), ''), 'null')), '^(.*video.*)$'), 'Organic Video', match(lower(nullIf(nullIf(nullIf(argMinMerge(raw_sessions.initial_utm_medium), ''), ''), 'null')), 'push$'), 'Push', isNotNull(nullIf(argMinMerge(raw_sessions.initial_fbclid), '')), 'Organic Social', ifNull(equals(nullIf(argMinMerge(raw_sessions.initial_referring_domain), ''), '$direct'), 0), 'Direct', isNotNull(nullIf(argMinMerge(raw_sessions.initial_referring_domain), '')), 'Referral', 'Unknown'))) AS `$channel_type`,
            nullIf(argMinMerge(raw_sessions.initial_referring_domain), '') AS `$entry_referring_domain`,
            nullIf(argMinMerge(raw_sessions.initial_utm_source), '') AS `$entry_utm_source`,
            nullIf(argMinMerge(raw_sessions.initial_utm_medium), '') AS `$entry_utm_medium`,
            nullIf(argMinMerge(raw_sessions.initial_utm_campaign), '') AS `$entry_utm_campaign`,
            nullIf(argMinMerge(raw_sessions.initial_gclid), '') AS `$entry_gclid`,
            nullIf(argMinMerge(raw_sessions.initial_gad_source), '') AS `$entry_gad_source`,
            nullIf(argMinMerge(raw_sessions.entry_url), '') AS `$entry_current_url`,
            raw_sessions.session_id_v7 AS session_id_v7
     FROM raw_sessions
     WHERE equals(raw_sessions.team_id, 99999)
     GROUP BY raw_sessions.session_id_v7,
              raw_sessions.session_id_v7) AS sessions
  WHERE and(1, 1)
  GROUP BY `context.columns.example_entry_urls`
  ORDER BY `context.columns.count` DESC
  LIMIT 101
  OFFSET 0 SETTINGS readonly=2,
                    max_execution_time=60,
                    allow_experimental_object_type=1,
                    format_csv_allow_double_quotes=0,
                    max_ast_elements=4000000,
                    max_expanded_ast_elements=4000000,
                    max_bytes_before_external_group_by=0
  '''
# ---
# name: TestSessionAttributionQueryRunner.test_group_by_nothing
  '''
  SELECT count() AS `context.columns.count`,
         topK(10)(sessions.`$channel_type`) AS `context.columns.channel_type`,
         topK(10)(sessions.`$entry_referring_domain`) AS `context.columns.referring_domain`,
         topK(10)(sessions.`$entry_utm_source`) AS `context.columns.utm_source`,
         topK(10)(sessions.`$entry_utm_medium`) AS `context.columns.utm_medium`,
         topK(10)(sessions.`$entry_utm_campaign`) AS `context.columns.utm_campaign`,
         topK(10)(nullIf(arrayStringConcat([if(isNotNull(sessions.`$entry_gclid`), 'glcid', NULL), if(isNotNull(sessions.`$entry_gad_source`), 'gad_source', NULL)], ','), '')) AS `context.columns.ad_ids`,
         topK(10)(sessions.`$entry_current_url`) AS `context.columns.example_entry_urls`
  FROM
    (SELECT multiIf(match(lower(nullIf(nullIf(nullIf(argMinMerge(raw_sessions.initial_utm_campaign), ''), ''), 'null')), 'cross-network'), 'Cross Network', or(ifNull(in(lower(nullIf(nullIf(nullIf(argMinMerge(raw_sessions.initial_utm_medium), ''), ''), 'null')), tuple('cpc', 'cpm', 'cpv', 'cpa', 'ppc', 'retargeting')), 0), startsWith(lower(nullIf(nullIf(nullIf(argMinMerge(raw_sessions.initial_utm_medium), ''), ''), 'null')), 'paid'), isNotNull(nullIf(argMinMerge(raw_sessions.initial_gclid), '')), isNotNull(nullIf(nullIf(nullIf(argMinMerge(raw_sessions.initial_gad_source), ''), ''), 'null'))), coalesce(coalesce(dictGetOrNull('channel_definition_dict', 'type_if_paid', (coalesce(lower(nullIf(nullIf(nullIf(argMinMerge(raw_sessions.initial_utm_source), ''), ''), 'null')), ''), 'source')), dictGetOrNull('channel_definition_dict', 'type_if_paid', (cutToFirstSignificantSubdomain(coalesce(lower(nullIf(nullIf(nullIf(argMinMerge(raw_sessions.initial_utm_source), ''), ''), 'null')), '')), 'source'))), if(match(lower(nullIf(nullIf(nullIf(argMinMerge(raw_sessions.initial_utm_campaign), ''), ''), 'null')), '^(.*(([^a-df-z]|^)shop|shopping).*)$'), 'Paid Shopping', NULL), dictGetOrNull('channel_definition_dict', 'type_if_paid', (coalesce(lower(nullIf(nullIf(nullIf(argMinMerge(raw_sessions.initial_utm_medium), ''), ''), 'null')), ''), 'medium')), coalesce(dictGetOrNull('channel_definition_dict', 'type_if_paid', (coalesce(nullIf(argMinMerge(raw_sessions.initial_referring_domain), ''), ''), 'source')), dictGetOrNull('channel_definition_dict', 'type_if_paid', (cutToFirstSignificantSubdomain(coalesce(nullIf(argMinMerge(raw_sessions.initial_referring_domain), ''), '')), 'source'))), multiIf(ifNull(equals(nullIf(nullIf(nullIf(argMinMerge(raw_sessions.initial_gad_source), ''), ''), 'null'), '1'), 0), 'Paid Search', match(lower(nullIf(nullIf(nullIf(argMinMerge(raw_sessions.initial_utm_campaign), ''), ''), 'null')), '^(.*video.*)$'), 'Paid Video', isNotNull(nullIf(argMinMerge(raw_sessions.initial_fbclid), '')), 'Paid Social', 'Paid Unknown')), and(ifNull(equals(nullIf(argMinMerge(raw_sessions.initial_referring_domain), ''), '$direct'), 0), isNull(lower(nullIf(nullIf(nullIf(argMinMerge(raw_sessions.initial_utm_medium), ''), ''), 'null'))), or(isNull(lower(nullIf(nullIf(nullIf(argMinMerge(raw_sessions.initial_utm_source), ''), ''), 'null'))), ifNull(in(lower(nullIf(nullIf(nullIf(argMinMerge(raw_sessions.initial_utm_source), ''), ''), 'null')), tuple('(direct)', 'direct', '$direct')), 0)), not(isNotNull(nullIf(argMinMerge(raw_sessions.initial_fbclid), '')))), 'Direct', coalesce(coalesce(dictGetOrNull('channel_definition_dict', 'type_if_organic', (coalesce(lower(nullIf(nullIf(nullIf(argMinMerge(raw_sessions.initial_utm_source), ''), ''), 'null')), ''), 'source')), dictGetOrNull('channel_definition_dict', 'type_if_organic', (cutToFirstSignificantSubdomain(coalesce(lower(nullIf(nullIf(nullIf(argMinMerge(raw_sessions.initial_utm_source), ''), ''), 'null')), '')), 'source'))), if(match(lower(nullIf(nullIf(nullIf(argMinMerge(raw_sessions.initial_utm_campaign), ''), ''), 'null')), '^(.*(([^a-df-z]|^)shop|shopping).*)$'), 'Organic Shopping', NULL), dictGetOrNull('channel_definition_dict', 'type_if_organic', (coalesce(lower(nullIf(nullIf(nullIf(argMinMerge(raw_sessions.initial_utm_medium), ''), ''), 'null')), ''), 'medium')), coalesce(dictGetOrNull('channel_definition_dict', 'type_if_organic', (coalesce(nullIf(argMinMerge(raw_sessions.initial_referring_domain), ''), ''), 'source')), dictGetOrNull('channel_definition_dict', 'type_if_organic', (cutToFirstSignificantSubdomain(coalesce(nullIf(argMinMerge(raw_sessions.initial_referring_domain), ''), '')), 'source'))), multiIf(match(lower(nullIf(nullIf(nullIf(argMinMerge(raw_sessions.initial_utm_campaign), ''), ''), 'null')), '^(.*video.*)$'), 'Organic Video', match(lower(nullIf(nullIf(nullIf(argMinMerge(raw_sessions.initial_utm_medium), ''), ''), 'null')), 'push$'), 'Push', isNotNull(nullIf(argMinMerge(raw_sessions.initial_fbclid), '')), 'Organic Social', ifNull(equals(nullIf(argMinMerge(raw_sessions.initial_referring_domain), ''), '$direct'), 0), 'Direct', isNotNull(nullIf(argMinMerge(raw_sessions.initial_referring_domain), '')), 'Referral', 'Unknown'))) AS `$channel_type`,
            nullIf(argMinMerge(raw_sessions.initial_referring_domain), '') AS `$entry_referring_domain`,
            nullIf(argMinMerge(raw_sessions.initial_utm_source), '') AS `$entry_utm_source`,
            nullIf(argMinMerge(raw_sessions.initial_utm_medium), '') AS `$entry_utm_medium`,
            nullIf(argMinMerge(raw_sessions.initial_utm_campaign), '') AS `$entry_utm_campaign`,
            nullIf(argMinMerge(raw_sessions.initial_gclid), '') AS `$entry_gclid`,
            nullIf(argMinMerge(raw_sessions.initial_gad_source), '') AS `$entry_gad_source`,
            nullIf(argMinMerge(raw_sessions.entry_url), '') AS `$entry_current_url`,
            raw_sessions.session_id_v7 AS session_id_v7
     FROM raw_sessions
     WHERE equals(raw_sessions.team_id, 99999)
     GROUP BY raw_sessions.session_id_v7,
              raw_sessions.session_id_v7) AS sessions
  WHERE and(1, 1)
  ORDER BY `context.columns.count` DESC
  LIMIT 101
  OFFSET 0 SETTINGS readonly=2,
                    max_execution_time=60,
                    allow_experimental_object_type=1,
                    format_csv_allow_double_quotes=0,
                    max_ast_elements=4000000,
                    max_expanded_ast_elements=4000000,
                    max_bytes_before_external_group_by=0
  '''
# ---
# name: TestSessionAttributionQueryRunner.test_group_channel_medium_source
  '''
  SELECT count() AS `context.columns.count`,
         sessions.`$channel_type` AS `context.columns.channel_type`,
         topK(10)(sessions.`$entry_referring_domain`) AS `context.columns.referring_domain`,
         sessions.`$entry_utm_source` AS `context.columns.utm_source`,
         sessions.`$entry_utm_medium` AS `context.columns.utm_medium`,
         topK(10)(sessions.`$entry_utm_campaign`) AS `context.columns.utm_campaign`,
         topK(10)(nullIf(arrayStringConcat([if(isNotNull(sessions.`$entry_gclid`), 'glcid', NULL), if(isNotNull(sessions.`$entry_gad_source`), 'gad_source', NULL)], ','), '')) AS `context.columns.ad_ids`,
         topK(10)(sessions.`$entry_current_url`) AS `context.columns.example_entry_urls`
  FROM
    (SELECT multiIf(match(lower(nullIf(nullIf(nullIf(argMinMerge(raw_sessions.initial_utm_campaign), ''), ''), 'null')), 'cross-network'), 'Cross Network', or(ifNull(in(lower(nullIf(nullIf(nullIf(argMinMerge(raw_sessions.initial_utm_medium), ''), ''), 'null')), tuple('cpc', 'cpm', 'cpv', 'cpa', 'ppc', 'retargeting')), 0), startsWith(lower(nullIf(nullIf(nullIf(argMinMerge(raw_sessions.initial_utm_medium), ''), ''), 'null')), 'paid'), isNotNull(nullIf(argMinMerge(raw_sessions.initial_gclid), '')), isNotNull(nullIf(nullIf(nullIf(argMinMerge(raw_sessions.initial_gad_source), ''), ''), 'null'))), coalesce(coalesce(dictGetOrNull('channel_definition_dict', 'type_if_paid', (coalesce(lower(nullIf(nullIf(nullIf(argMinMerge(raw_sessions.initial_utm_source), ''), ''), 'null')), ''), 'source')), dictGetOrNull('channel_definition_dict', 'type_if_paid', (cutToFirstSignificantSubdomain(coalesce(lower(nullIf(nullIf(nullIf(argMinMerge(raw_sessions.initial_utm_source), ''), ''), 'null')), '')), 'source'))), if(match(lower(nullIf(nullIf(nullIf(argMinMerge(raw_sessions.initial_utm_campaign), ''), ''), 'null')), '^(.*(([^a-df-z]|^)shop|shopping).*)$'), 'Paid Shopping', NULL), dictGetOrNull('channel_definition_dict', 'type_if_paid', (coalesce(lower(nullIf(nullIf(nullIf(argMinMerge(raw_sessions.initial_utm_medium), ''), ''), 'null')), ''), 'medium')), coalesce(dictGetOrNull('channel_definition_dict', 'type_if_paid', (coalesce(nullIf(argMinMerge(raw_sessions.initial_referring_domain), ''), ''), 'source')), dictGetOrNull('channel_definition_dict', 'type_if_paid', (cutToFirstSignificantSubdomain(coalesce(nullIf(argMinMerge(raw_sessions.initial_referring_domain), ''), '')), 'source'))), multiIf(ifNull(equals(nullIf(nullIf(nullIf(argMinMerge(raw_sessions.initial_gad_source), ''), ''), 'null'), '1'), 0), 'Paid Search', match(lower(nullIf(nullIf(nullIf(argMinMerge(raw_sessions.initial_utm_campaign), ''), ''), 'null')), '^(.*video.*)$'), 'Paid Video', isNotNull(nullIf(argMinMerge(raw_sessions.initial_fbclid), '')), 'Paid Social', 'Paid Unknown')), and(ifNull(equals(nullIf(argMinMerge(raw_sessions.initial_referring_domain), ''), '$direct'), 0), isNull(lower(nullIf(nullIf(nullIf(argMinMerge(raw_sessions.initial_utm_medium), ''), ''), 'null'))), or(isNull(lower(nullIf(nullIf(nullIf(argMinMerge(raw_sessions.initial_utm_source), ''), ''), 'null'))), ifNull(in(lower(nullIf(nullIf(nullIf(argMinMerge(raw_sessions.initial_utm_source), ''), ''), 'null')), tuple('(direct)', 'direct', '$direct')), 0)), not(isNotNull(nullIf(argMinMerge(raw_sessions.initial_fbclid), '')))), 'Direct', coalesce(coalesce(dictGetOrNull('channel_definition_dict', 'type_if_organic', (coalesce(lower(nullIf(nullIf(nullIf(argMinMerge(raw_sessions.initial_utm_source), ''), ''), 'null')), ''), 'source')), dictGetOrNull('channel_definition_dict', 'type_if_organic', (cutToFirstSignificantSubdomain(coalesce(lower(nullIf(nullIf(nullIf(argMinMerge(raw_sessions.initial_utm_source), ''), ''), 'null')), '')), 'source'))), if(match(lower(nullIf(nullIf(nullIf(argMinMerge(raw_sessions.initial_utm_campaign), ''), ''), 'null')), '^(.*(([^a-df-z]|^)shop|shopping).*)$'), 'Organic Shopping', NULL), dictGetOrNull('channel_definition_dict', 'type_if_organic', (coalesce(lower(nullIf(nullIf(nullIf(argMinMerge(raw_sessions.initial_utm_medium), ''), ''), 'null')), ''), 'medium')), coalesce(dictGetOrNull('channel_definition_dict', 'type_if_organic', (coalesce(nullIf(argMinMerge(raw_sessions.initial_referring_domain), ''), ''), 'source')), dictGetOrNull('channel_definition_dict', 'type_if_organic', (cutToFirstSignificantSubdomain(coalesce(nullIf(argMinMerge(raw_sessions.initial_referring_domain), ''), '')), 'source'))), multiIf(match(lower(nullIf(nullIf(nullIf(argMinMerge(raw_sessions.initial_utm_campaign), ''), ''), 'null')), '^(.*video.*)$'), 'Organic Video', match(lower(nullIf(nullIf(nullIf(argMinMerge(raw_sessions.initial_utm_medium), ''), ''), 'null')), 'push$'), 'Push', isNotNull(nullIf(argMinMerge(raw_sessions.initial_fbclid), '')), 'Organic Social', ifNull(equals(nullIf(argMinMerge(raw_sessions.initial_referring_domain), ''), '$direct'), 0), 'Direct', isNotNull(nullIf(argMinMerge(raw_sessions.initial_referring_domain), '')), 'Referral', 'Unknown'))) AS `$channel_type`,
            nullIf(argMinMerge(raw_sessions.initial_referring_domain), '') AS `$entry_referring_domain`,
            nullIf(argMinMerge(raw_sessions.initial_utm_source), '') AS `$entry_utm_source`,
            nullIf(argMinMerge(raw_sessions.initial_utm_medium), '') AS `$entry_utm_medium`,
            nullIf(argMinMerge(raw_sessions.initial_utm_campaign), '') AS `$entry_utm_campaign`,
            nullIf(argMinMerge(raw_sessions.initial_gclid), '') AS `$entry_gclid`,
            nullIf(argMinMerge(raw_sessions.initial_gad_source), '') AS `$entry_gad_source`,
            nullIf(argMinMerge(raw_sessions.entry_url), '') AS `$entry_current_url`,
            raw_sessions.session_id_v7 AS session_id_v7
     FROM raw_sessions
     WHERE equals(raw_sessions.team_id, 99999)
     GROUP BY raw_sessions.session_id_v7,
              raw_sessions.session_id_v7) AS sessions
  WHERE and(1, 1)
  GROUP BY `context.columns.channel_type`,
           `context.columns.utm_source`,
           `context.columns.utm_medium`
  ORDER BY `context.columns.count` DESC
  LIMIT 101
  OFFSET 0 SETTINGS readonly=2,
                    max_execution_time=60,
                    allow_experimental_object_type=1,
                    format_csv_allow_double_quotes=0,
                    max_ast_elements=4000000,
                    max_expanded_ast_elements=4000000,
                    max_bytes_before_external_group_by=0
  '''
# ---
# name: TestSessionAttributionQueryRunner.test_no_crash_when_no_data
  '''
  SELECT count() AS `context.columns.count`,
         topK(10)(sessions.`$channel_type`) AS `context.columns.channel_type`,
         topK(10)(sessions.`$entry_referring_domain`) AS `context.columns.referring_domain`,
         topK(10)(sessions.`$entry_utm_source`) AS `context.columns.utm_source`,
         topK(10)(sessions.`$entry_utm_medium`) AS `context.columns.utm_medium`,
         topK(10)(sessions.`$entry_utm_campaign`) AS `context.columns.utm_campaign`,
         topK(10)(nullIf(arrayStringConcat([if(isNotNull(sessions.`$entry_gclid`), 'glcid', NULL), if(isNotNull(sessions.`$entry_gad_source`), 'gad_source', NULL)], ','), '')) AS `context.columns.ad_ids`,
         topK(10)(sessions.`$entry_current_url`) AS `context.columns.example_entry_urls`
  FROM
    (SELECT multiIf(match(lower(nullIf(nullIf(nullIf(argMinMerge(raw_sessions.initial_utm_campaign), ''), ''), 'null')), 'cross-network'), 'Cross Network', or(ifNull(in(lower(nullIf(nullIf(nullIf(argMinMerge(raw_sessions.initial_utm_medium), ''), ''), 'null')), tuple('cpc', 'cpm', 'cpv', 'cpa', 'ppc', 'retargeting')), 0), startsWith(lower(nullIf(nullIf(nullIf(argMinMerge(raw_sessions.initial_utm_medium), ''), ''), 'null')), 'paid'), isNotNull(nullIf(argMinMerge(raw_sessions.initial_gclid), '')), isNotNull(nullIf(nullIf(nullIf(argMinMerge(raw_sessions.initial_gad_source), ''), ''), 'null'))), coalesce(coalesce(dictGetOrNull('channel_definition_dict', 'type_if_paid', (coalesce(lower(nullIf(nullIf(nullIf(argMinMerge(raw_sessions.initial_utm_source), ''), ''), 'null')), ''), 'source')), dictGetOrNull('channel_definition_dict', 'type_if_paid', (cutToFirstSignificantSubdomain(coalesce(lower(nullIf(nullIf(nullIf(argMinMerge(raw_sessions.initial_utm_source), ''), ''), 'null')), '')), 'source'))), if(match(lower(nullIf(nullIf(nullIf(argMinMerge(raw_sessions.initial_utm_campaign), ''), ''), 'null')), '^(.*(([^a-df-z]|^)shop|shopping).*)$'), 'Paid Shopping', NULL), dictGetOrNull('channel_definition_dict', 'type_if_paid', (coalesce(lower(nullIf(nullIf(nullIf(argMinMerge(raw_sessions.initial_utm_medium), ''), ''), 'null')), ''), 'medium')), coalesce(dictGetOrNull('channel_definition_dict', 'type_if_paid', (coalesce(nullIf(argMinMerge(raw_sessions.initial_referring_domain), ''), ''), 'source')), dictGetOrNull('channel_definition_dict', 'type_if_paid', (cutToFirstSignificantSubdomain(coalesce(nullIf(argMinMerge(raw_sessions.initial_referring_domain), ''), '')), 'source'))), multiIf(ifNull(equals(nullIf(nullIf(nullIf(argMinMerge(raw_sessions.initial_gad_source), ''), ''), 'null'), '1'), 0), 'Paid Search', match(lower(nullIf(nullIf(nullIf(argMinMerge(raw_sessions.initial_utm_campaign), ''), ''), 'null')), '^(.*video.*)$'), 'Paid Video', isNotNull(nullIf(argMinMerge(raw_sessions.initial_fbclid), '')), 'Paid Social', 'Paid Unknown')), and(ifNull(equals(nullIf(argMinMerge(raw_sessions.initial_referring_domain), ''), '$direct'), 0), isNull(lower(nullIf(nullIf(nullIf(argMinMerge(raw_sessions.initial_utm_medium), ''), ''), 'null'))), or(isNull(lower(nullIf(nullIf(nullIf(argMinMerge(raw_sessions.initial_utm_source), ''), ''), 'null'))), ifNull(in(lower(nullIf(nullIf(nullIf(argMinMerge(raw_sessions.initial_utm_source), ''), ''), 'null')), tuple('(direct)', 'direct', '$direct')), 0)), not(isNotNull(nullIf(argMinMerge(raw_sessions.initial_fbclid), '')))), 'Direct', coalesce(coalesce(dictGetOrNull('channel_definition_dict', 'type_if_organic', (coalesce(lower(nullIf(nullIf(nullIf(argMinMerge(raw_sessions.initial_utm_source), ''), ''), 'null')), ''), 'source')), dictGetOrNull('channel_definition_dict', 'type_if_organic', (cutToFirstSignificantSubdomain(coalesce(lower(nullIf(nullIf(nullIf(argMinMerge(raw_sessions.initial_utm_source), ''), ''), 'null')), '')), 'source'))), if(match(lower(nullIf(nullIf(nullIf(argMinMerge(raw_sessions.initial_utm_campaign), ''), ''), 'null')), '^(.*(([^a-df-z]|^)shop|shopping).*)$'), 'Organic Shopping', NULL), dictGetOrNull('channel_definition_dict', 'type_if_organic', (coalesce(lower(nullIf(nullIf(nullIf(argMinMerge(raw_sessions.initial_utm_medium), ''), ''), 'null')), ''), 'medium')), coalesce(dictGetOrNull('channel_definition_dict', 'type_if_organic', (coalesce(nullIf(argMinMerge(raw_sessions.initial_referring_domain), ''), ''), 'source')), dictGetOrNull('channel_definition_dict', 'type_if_organic', (cutToFirstSignificantSubdomain(coalesce(nullIf(argMinMerge(raw_sessions.initial_referring_domain), ''), '')), 'source'))), multiIf(match(lower(nullIf(nullIf(nullIf(argMinMerge(raw_sessions.initial_utm_campaign), ''), ''), 'null')), '^(.*video.*)$'), 'Organic Video', match(lower(nullIf(nullIf(nullIf(argMinMerge(raw_sessions.initial_utm_medium), ''), ''), 'null')), 'push$'), 'Push', isNotNull(nullIf(argMinMerge(raw_sessions.initial_fbclid), '')), 'Organic Social', ifNull(equals(nullIf(argMinMerge(raw_sessions.initial_referring_domain), ''), '$direct'), 0), 'Direct', isNotNull(nullIf(argMinMerge(raw_sessions.initial_referring_domain), '')), 'Referral', 'Unknown'))) AS `$channel_type`,
            nullIf(argMinMerge(raw_sessions.initial_referring_domain), '') AS `$entry_referring_domain`,
            nullIf(argMinMerge(raw_sessions.initial_utm_source), '') AS `$entry_utm_source`,
            nullIf(argMinMerge(raw_sessions.initial_utm_medium), '') AS `$entry_utm_medium`,
            nullIf(argMinMerge(raw_sessions.initial_utm_campaign), '') AS `$entry_utm_campaign`,
            nullIf(argMinMerge(raw_sessions.initial_gclid), '') AS `$entry_gclid`,
            nullIf(argMinMerge(raw_sessions.initial_gad_source), '') AS `$entry_gad_source`,
            nullIf(argMinMerge(raw_sessions.entry_url), '') AS `$entry_current_url`,
            raw_sessions.session_id_v7 AS session_id_v7
     FROM raw_sessions
     WHERE equals(raw_sessions.team_id, 99999)
     GROUP BY raw_sessions.session_id_v7,
              raw_sessions.session_id_v7) AS sessions
  WHERE and(1, 1)
  ORDER BY `context.columns.count` DESC
  LIMIT 101
  OFFSET 0 SETTINGS readonly=2,
                    max_execution_time=60,
                    allow_experimental_object_type=1,
                    format_csv_allow_double_quotes=0,
                    max_ast_elements=4000000,
                    max_expanded_ast_elements=4000000,
                    max_bytes_before_external_group_by=0
  '''
# ---
